******************************************************************************
                  TI ARM Linker PC v20.2.5                     
******************************************************************************
>> Linked Mon May 10 12:21:27 2021

OUTPUT FILE NAME:   <LAB7.out>
ENTRY POINT SYMBOL: "_c_int00_noargs"  address: 00000b2d


MEMORY CONFIGURATION

         name            origin    length      used     unused   attr    fill
----------------------  --------  ---------  --------  --------  ----  --------
  FLASH                 00000000   00040000  00000f94  0003f06c  R  X
  SRAM                  20000000   00008000  00000475  00007b8b  RW X


SEGMENT ALLOCATION MAP

run origin  load origin   length   init length attrs members
----------  ----------- ---------- ----------- ----- -------
00000000    00000000    00000f98   00000f98    r-x
  00000000    00000000    0000026c   0000026c    r-- .intvecs
  0000026c    0000026c    00000a5c   00000a5c    r-x .text
  00000cc8    00000cc8    0000028c   0000028c    r-- .const
  00000f58    00000f58    00000040   00000040    r-- .cinit
20000000    20000000    00000476   00000000    rw-
  20000000    20000000    0000026c   00000000    rw- .vtable
  2000026c    2000026c    00000003   00000000    rw- .data
  20000270    20000270    00000200   00000000    rw- .stack
  20000470    20000470    00000006   00000000    rw- .bss


SECTION ALLOCATION MAP

 output                                  attributes/
section   page    origin      length       input sections
--------  ----  ----------  ----------   ----------------
.intvecs   0    00000000    0000026c     
                  00000000    0000026c     tm4c123gh6pm_startup_ccs.obj (.intvecs)

.text      0    0000026c    00000a5c     
                  0000026c    000001f4     main.obj (.text)
                  00000460    00000132     driverlib.lib : gpio.obj (.text:GPIOPadConfigSet)
                  00000592    00000002     --HOLE-- [fill = 0]
                  00000594    00000110                   : sysctl.obj (.text:SysCtlClockGet)
                  000006a4    000000f4                   : sysctl.obj (.text:SysCtlClockSet)
                  00000798    0000009c     rtsv7M4_T_le_v4SPD16_eabi.lib : memcpy_t2.asm.obj (.text)
                  00000834    00000068     driverlib.lib : interrupt.obj (.text:IntEnable)
                  0000089c    00000068     rtsv7M4_T_le_v4SPD16_eabi.lib : copy_decompress_lzss.c.obj (.text:decompress:lzss:__TI_decompress_lzss)
                  00000904    00000060     driverlib.lib : timer.obj (.text:TimerConfigure)
                  00000964    0000004c                   : timer.obj (.text:_TimerIntNumberGet)
                  000009b0    00000048                   : gpio.obj (.text:GPIOPinConfigure)
                  000009f8    00000046                   : uart.obj (.text:UARTConfigSetExpClk)
                  00000a3e    00000002     --HOLE-- [fill = 0]
                  00000a40    00000044     rtsv7M4_T_le_v4SPD16_eabi.lib : autoinit.c.obj (.text:__TI_auto_init_nobinit_nopinit:__TI_auto_init_nobinit_nopinit)
                  00000a84    00000040     driverlib.lib : uart.obj (.text:_UARTIntNumberGet)
                  00000ac4    00000034                   : interrupt.obj (.text:IntRegister)
                  00000af8    00000034                   : sysctl.obj (.text:SysCtlPeripheralEnable)
                  00000b2c    00000034     rtsv7M4_T_le_v4SPD16_eabi.lib : boot_cortex_m.c.obj (.text:_c_int00_noargs:_c_int00_noargs)
                  00000b60    0000002a     driverlib.lib : gpio.obj (.text:GPIODirModeSet)
                  00000b8a    00000002     --HOLE-- [fill = 0]
                  00000b8c    00000020                   : uart.obj (.text:UARTDisable)
                  00000bac    0000001c     rtsv7M4_T_le_v4SPD16_eabi.lib : copy_zero_init.c.obj (.text:decompress:ZI:__TI_zero_init_nomemset:__TI_zero_init_nomemset)
                  00000bc8    00000018     driverlib.lib : gpio.obj (.text:GPIOPinTypeGPIOOutput)
                  00000be0    00000018                   : timer.obj (.text:TimerIntRegister)
                  00000bf8    00000018                   : uart.obj (.text:UARTIntRegister)
                  00000c10    00000014                   : uart.obj (.text:UARTEnable)
                  00000c24    00000012                   : gpio.obj (.text:GPIOPinTypeUART)
                  00000c36    00000012                   : timer.obj (.text:TimerLoadSet)
                  00000c48    00000010                   : interrupt.obj (.text:IntMasterEnable)
                  00000c58    0000000e                   : timer.obj (.text:TimerEnable)
                  00000c66    0000000e     rtsv7M4_T_le_v4SPD16_eabi.lib : copy_decompress_none.c.obj (.text:decompress:none:__TI_decompress_none)
                  00000c74    0000000c     driverlib.lib : cpu.obj (.text:CPUcpsie)
                  00000c80    0000000c     tm4c123gh6pm_startup_ccs.obj (.text)
                  00000c8c    0000000a     driverlib.lib : uart.obj (.text:UARTCharGet)
                  00000c96    00000008                   : timer.obj (.text:TimerIntEnable)
                  00000c9e    00000008                   : uart.obj (.text:UARTIntEnable)
                  00000ca6    00000006                   : gpio.obj (.text:GPIOPinRead)
                  00000cac    00000006                   : gpio.obj (.text:GPIOPinWrite)
                  00000cb2    00000006                   : sysctl.obj (.text:SysCtlDelay)
                  00000cb8    00000004                   : timer.obj (.text:TimerIntClear)
                  00000cbc    00000004                   : uart.obj (.text:UARTIntClear)
                  00000cc0    00000004     rtsv7M4_T_le_v4SPD16_eabi.lib : pre_init.c.obj (.text:_system_pre_init)
                  00000cc4    00000004                                   : exit.c.obj (.text:abort:abort)

.const     0    00000cc8    0000028c     
                  00000cc8    00000090     driverlib.lib : gpio.obj (.const:g_pui32GPIOBaseAddrs)
                  00000d58    00000070                   : interrupt.obj (.const)
                  00000dc8    0000006c                   : sysctl.obj (.const:g_pui32Xtals)
                  00000e34    00000060                   : timer.obj (.const:g_ppui32TimerIntMap)
                  00000e94    00000040                   : timer.obj (.const:g_ppui32TimerIntMapSnowflake)
                  00000ed4    00000040                   : uart.obj (.const:g_ppui32UARTIntMap)
                  00000f14    00000040                   : uart.obj (.const:g_ppui32UARTIntMapSnowflake)

.cinit     0    00000f58    00000040     
                  00000f58    0000000c     (__TI_handler_table)
                  00000f64    00000004     --HOLE-- [fill = 0]
                  00000f68    00000008     (.cinit..bss.load) [load image, compression = zero_init]
                  00000f70    00000008     (.cinit..vtable.load) [load image, compression = zero_init]
                  00000f78    00000007     (.cinit..data.load) [load image, compression = lzss]
                  00000f7f    00000001     --HOLE-- [fill = 0]
                  00000f80    00000018     (__TI_cinit_table)

.init_array 
*          0    00000000    00000000     UNINITIALIZED

.vtable    0    20000000    0000026c     UNINITIALIZED
                  20000000    0000026c     driverlib.lib : interrupt.obj (.vtable)

.data      0    2000026c    00000003     UNINITIALIZED
                  2000026c    00000003     main.obj (.data)

.bss       0    20000470    00000006     UNINITIALIZED
                  20000470    00000004     (.common:periodo)
                  20000474    00000001     (.common:entra)
                  20000475    00000001     (.common:letra)

.stack     0    20000270    00000200     UNINITIALIZED
                  20000270    00000004     rtsv7M4_T_le_v4SPD16_eabi.lib : boot_cortex_m.c.obj (.stack)
                  20000274    000001fc     --HOLE--

__llvm_prf_cnts 
*          0    20000000    00000000     UNINITIALIZED

MODULE SUMMARY

       Module                         code   ro data   rw data
       ------                         ----   -------   -------
    .\
       tm4c123gh6pm_startup_ccs.obj   12     620       0      
       main.obj                       500    0         9      
    +--+------------------------------+------+---------+---------+
       Total:                         512    620       9      
                                                              
    C:/ti/TivaWare_C_Series-2.1.4.178/driverlib/ccs/Debug/driverlib.lib
       interrupt.obj                  172    112       620    
       sysctl.obj                     574    108       0      
       gpio.obj                       474    144       0      
       timer.obj                      240    160       0      
       uart.obj                       232    128       0      
       cpu.obj                        12     0         0      
    +--+------------------------------+------+---------+---------+
       Total:                         1704   652       620    
                                                              
    C:\ti\ccs1031\ccs\tools\compiler\ti-cgt-arm_20.2.5.LTS\lib\rtsv7M4_T_le_v4SPD16_eabi.lib
       memcpy_t2.asm.obj              156    0         0      
       copy_decompress_lzss.c.obj     104    0         0      
       autoinit.c.obj                 68     0         0      
       boot_cortex_m.c.obj            52     0         0      
       copy_zero_init.c.obj           28     0         0      
       copy_decompress_none.c.obj     14     0         0      
       exit.c.obj                     4      0         0      
       pre_init.c.obj                 4      0         0      
    +--+------------------------------+------+---------+---------+
       Total:                         430    0         0      
                                                              
       Stack:                         0      0         512    
       Linker Generated:              0      59        0      
    +--+------------------------------+------+---------+---------+
       Grand Total:                   2646   1331      1141   


LINKER GENERATED COPY TABLES

__TI_cinit_table @ 00000f80 records: 3, size/record: 8, table size: 24
	.bss: load addr=00000f68, load size=00000008 bytes, run addr=20000470, run size=00000006 bytes, compression=zero_init
	.vtable: load addr=00000f70, load size=00000008 bytes, run addr=20000000, run size=0000026c bytes, compression=zero_init
	.data: load addr=00000f78, load size=00000007 bytes, run addr=2000026c, run size=00000003 bytes, compression=lzss


LINKER GENERATED HANDLER TABLE

__TI_handler_table @ 00000f58 records: 3, size/record: 4, table size: 12
	index: 0, handler: __TI_zero_init
	index: 1, handler: __TI_decompress_lzss
	index: 2, handler: __TI_decompress_none


GLOBAL SYMBOLS: SORTED ALPHABETICALLY BY Name 

address   name                          
-------   ----                          
00000cc5  C$$EXIT                       
00000c75  CPUcpsie                      
00000b61  GPIODirModeSet                
00000461  GPIOPadConfigSet              
000009b1  GPIOPinConfigure              
00000ca7  GPIOPinRead                   
00000bc9  GPIOPinTypeGPIOOutput         
00000c25  GPIOPinTypeUART               
00000cad  GPIOPinWrite                  
00000835  IntEnable                     
00000c49  IntMasterEnable               
00000ac5  IntRegister                   
00000c81  ResetISR                      
00000595  SysCtlClockGet                
000006a5  SysCtlClockSet                
00000cb3  SysCtlDelay                   
00000af9  SysCtlPeripheralEnable        
0000026d  T0Handler                     
00000905  TimerConfigure                
00000c59  TimerEnable                   
00000cb9  TimerIntClear                 
00000c97  TimerIntEnable                
00000be1  TimerIntRegister              
00000c37  TimerLoadSet                  
00000c8d  UARTCharGet                   
000009f9  UARTConfigSetExpClk           
00000b8d  UARTDisable                   
00000c11  UARTEnable                    
0000029d  UARTHandler                   
00000cbd  UARTIntClear                  
00000c9f  UARTIntEnable                 
00000bf9  UARTIntRegister               
20000470  __STACK_END                   
00000200  __STACK_SIZE                  
20000470  __STACK_TOP                   
00000f80  __TI_CINIT_Base               
00000f98  __TI_CINIT_Limit              
00000f58  __TI_Handler_Table_Base       
00000f64  __TI_Handler_Table_Limit      
00000a41  __TI_auto_init_nobinit_nopinit
0000089d  __TI_decompress_lzss          
00000c67  __TI_decompress_none          
ffffffff  __TI_pprof_out_hndl           
ffffffff  __TI_prof_data_size           
ffffffff  __TI_prof_data_start          
00000000  __TI_static_base__            
00000bad  __TI_zero_init_nomemset       
00000799  __aeabi_memcpy                
00000799  __aeabi_memcpy4               
00000799  __aeabi_memcpy8               
ffffffff  __binit__                     
ffffffff  __c_args__                    
UNDEFED   __mpu_init                    
20000270  __stack                       
20000000  __start___llvm_prf_cnts       
20000000  __stop___llvm_prf_cnts        
00000b2d  _c_int00_noargs               
UNDEFED   _system_post_cinit            
00000cc1  _system_pre_init              
00000cc5  abort                         
ffffffff  binit                         
20000474  entra                         
20000000  g_pfnRAMVectors               
00000000  g_pfnVectors                  
20000475  letra                         
00000365  main                          
00000799  memcpy                        
20000470  periodo                       
2000026c  sal                           
2000026d  sal1                          
2000026e  sal2                          
0000036d  setup                         


GLOBAL SYMBOLS: SORTED BY Symbol Address 

address   name                          
-------   ----                          
00000000  __TI_static_base__            
00000000  g_pfnVectors                  
00000200  __STACK_SIZE                  
0000026d  T0Handler                     
0000029d  UARTHandler                   
00000365  main                          
0000036d  setup                         
00000461  GPIOPadConfigSet              
00000595  SysCtlClockGet                
000006a5  SysCtlClockSet                
00000799  __aeabi_memcpy                
00000799  __aeabi_memcpy4               
00000799  __aeabi_memcpy8               
00000799  memcpy                        
00000835  IntEnable                     
0000089d  __TI_decompress_lzss          
00000905  TimerConfigure                
000009b1  GPIOPinConfigure              
000009f9  UARTConfigSetExpClk           
00000a41  __TI_auto_init_nobinit_nopinit
00000ac5  IntRegister                   
00000af9  SysCtlPeripheralEnable        
00000b2d  _c_int00_noargs               
00000b61  GPIODirModeSet                
00000b8d  UARTDisable                   
00000bad  __TI_zero_init_nomemset       
00000bc9  GPIOPinTypeGPIOOutput         
00000be1  TimerIntRegister              
00000bf9  UARTIntRegister               
00000c11  UARTEnable                    
00000c25  GPIOPinTypeUART               
00000c37  TimerLoadSet                  
00000c49  IntMasterEnable               
00000c59  TimerEnable                   
00000c67  __TI_decompress_none          
00000c75  CPUcpsie                      
00000c81  ResetISR                      
00000c8d  UARTCharGet                   
00000c97  TimerIntEnable                
00000c9f  UARTIntEnable                 
00000ca7  GPIOPinRead                   
00000cad  GPIOPinWrite                  
00000cb3  SysCtlDelay                   
00000cb9  TimerIntClear                 
00000cbd  UARTIntClear                  
00000cc1  _system_pre_init              
00000cc5  C$$EXIT                       
00000cc5  abort                         
00000f58  __TI_Handler_Table_Base       
00000f64  __TI_Handler_Table_Limit      
00000f80  __TI_CINIT_Base               
00000f98  __TI_CINIT_Limit              
20000000  __start___llvm_prf_cnts       
20000000  __stop___llvm_prf_cnts        
20000000  g_pfnRAMVectors               
2000026c  sal                           
2000026d  sal1                          
2000026e  sal2                          
20000270  __stack                       
20000470  __STACK_END                   
20000470  __STACK_TOP                   
20000470  periodo                       
20000474  entra                         
20000475  letra                         
ffffffff  __TI_pprof_out_hndl           
ffffffff  __TI_prof_data_size           
ffffffff  __TI_prof_data_start          
ffffffff  __binit__                     
ffffffff  __c_args__                    
ffffffff  binit                         
UNDEFED   __mpu_init                    
UNDEFED   _system_post_cinit            

[72 symbols]
